------------------------------------------------------------
TimeQuest Timing Analyzer Summary
------------------------------------------------------------

Type  : Slow Model Setup 'button'
Slack : -2.163
TNS   : -7.133

Type  : Slow Model Setup 'clock'
Slack : -1.392
TNS   : -2.701

Type  : Slow Model Hold 'button'
Slack : -0.932
TNS   : -3.402

Type  : Slow Model Hold 'clock'
Slack : 0.189
TNS   : 0.000

Type  : Slow Model Minimum Pulse Width 'clock'
Slack : -1.380
TNS   : -6.380

Type  : Slow Model Minimum Pulse Width 'button'
Slack : -1.380
TNS   : -1.380

Type  : Fast Model Setup 'button'
Slack : -0.585
TNS   : -1.537

Type  : Fast Model Setup 'clock'
Slack : -0.260
TNS   : -0.329

Type  : Fast Model Hold 'button'
Slack : -0.672
TNS   : -2.673

Type  : Fast Model Hold 'clock'
Slack : 0.035
TNS   : 0.000

Type  : Fast Model Minimum Pulse Width 'clock'
Slack : -1.380
TNS   : -6.380

Type  : Fast Model Minimum Pulse Width 'button'
Slack : -1.380
TNS   : -1.380

------------------------------------------------------------
